127.0.0.1 - - [24/May/2023:09:24:50 +0900] "GET / HTTP/1.1" 404 807
0:0:0:0:0:0:0:1 - - [24/May/2023:09:24:50 +0900] "GET /WebServlet_1/simpleview.jsp HTTP/1.1" 200 220
0:0:0:0:0:0:0:1 - - [24/May/2023:09:24:51 +0900] "GET /favicon.ico HTTP/1.1" 404 818
0:0:0:0:0:0:0:1 - - [24/May/2023:09:25:08 +0900] "GET /WebServlet_1/simpleview.jsp?cmd=%EC%95%88%EB%85%95 HTTP/1.1" 200 220
127.0.0.1 - - [24/May/2023:09:26:47 +0900] "GET / HTTP/1.1" 404 807
0:0:0:0:0:0:0:1 - - [24/May/2023:09:26:48 +0900] "GET /WebServlet_1/simpleview.jsp HTTP/1.1" 200 220
127.0.0.1 - - [24/May/2023:09:28:08 +0900] "GET / HTTP/1.1" 404 807
0:0:0:0:0:0:0:1 - - [24/May/2023:09:28:08 +0900] "GET /WebServlet_1/simpleview.jsp HTTP/1.1" 200 220
127.0.0.1 - - [24/May/2023:09:30:02 +0900] "GET / HTTP/1.1" 404 807
0:0:0:0:0:0:0:1 - - [24/May/2023:09:30:03 +0900] "GET /WebServlet_1/action.do HTTP/1.1" 405 825
127.0.0.1 - - [24/May/2023:09:33:58 +0900] "GET / HTTP/1.1" 404 807
0:0:0:0:0:0:0:1 - - [24/May/2023:09:33:59 +0900] "GET /WebServlet_1/greeting.jsp HTTP/1.1" 200 220
127.0.0.1 - - [24/May/2023:09:39:12 +0900] "GET / HTTP/1.1" 404 807
0:0:0:0:0:0:0:1 - - [24/May/2023:09:39:13 +0900] "GET /WebServlet_1/greeting.jsp HTTP/1.1" 200 196
127.0.0.1 - - [24/May/2023:09:39:38 +0900] "GET / HTTP/1.1" 404 807
0:0:0:0:0:0:0:1 - - [24/May/2023:09:39:39 +0900] "GET /WebServlet_1/greeting.jsp HTTP/1.1" 200 196
127.0.0.1 - - [24/May/2023:09:43:11 +0900] "GET / HTTP/1.1" 404 807
0:0:0:0:0:0:0:1 - - [24/May/2023:09:43:11 +0900] "GET /WebServlet_1/greeting.jsp HTTP/1.1" 200 196
0:0:0:0:0:0:0:1 - - [24/May/2023:09:43:46 +0900] "GET /WebServlet_1/default.jsp HTTP/1.1" 200 1575
0:0:0:0:0:0:0:1 - - [24/May/2023:09:43:47 +0900] "GET /WebServlet_1/action.do?cmd=greeting HTTP/1.1" 200 236
127.0.0.1 - - [24/May/2023:10:21:13 +0900] "GET / HTTP/1.1" 404 807
0:0:0:0:0:0:0:1 - - [24/May/2023:10:21:13 +0900] "GET /WebJSP_EL_JSTL/Ex01_EL.jsp HTTP/1.1" 500 7670
127.0.0.1 - - [24/May/2023:10:23:05 +0900] "GET / HTTP/1.1" 404 807
0:0:0:0:0:0:0:1 - - [24/May/2023:10:23:05 +0900] "GET /WebJSP_EL_JSTL/Ex01_EL.jsp HTTP/1.1" 500 7670
0:0:0:0:0:0:0:1 - - [24/May/2023:10:23:53 +0900] "GET /WebJSP_EL_JSTL/Ex01_EL.jsp HTTP/1.1" 500 7670
0:0:0:0:0:0:0:1 - - [24/May/2023:10:24:49 +0900] "GET /WebJSP_EL_JSTL/Ex01_EL.jsp HTTP/1.1" 500 7670
0:0:0:0:0:0:0:1 - - [24/May/2023:10:26:21 +0900] "GET /WebJSP_EL_JSTL/Ex01_EL.jsp HTTP/1.1" 500 7670
127.0.0.1 - - [24/May/2023:10:29:25 +0900] "GET / HTTP/1.1" 404 807
0:0:0:0:0:0:0:1 - - [24/May/2023:10:29:26 +0900] "GET /WebJSP_EL_JSTL/Ex01_EL.jsp HTTP/1.1" 200 355
0:0:0:0:0:0:0:1 - - [24/May/2023:10:33:17 +0900] "GET /WebJSP_EL_JSTL/Ex02_EL.jsp HTTP/1.1" 200 592
0:0:0:0:0:0:0:1 - - [24/May/2023:10:34:01 +0900] "GET /WebJSP_EL_JSTL/Ex02_EL.jsp HTTP/1.1" 200 620
127.0.0.1 - - [24/May/2023:10:52:53 +0900] "GET / HTTP/1.1" 404 807
0:0:0:0:0:0:0:1 - - [24/May/2023:10:52:54 +0900] "GET /WebJSP_EL_JSTL/Ex03_EL_JSTL.jsp HTTP/1.1" 200 1337
0:0:0:0:0:0:0:1 - - [24/May/2023:10:58:25 +0900] "GET /WebJSP_EL_JSTL/Ex03_EL_JSTL.jsp HTTP/1.1" 500 2575
127.0.0.1 - - [24/May/2023:10:59:46 +0900] "GET / HTTP/1.1" 404 807
0:0:0:0:0:0:0:1 - - [24/May/2023:10:59:47 +0900] "GET /WebServlet_1/greeting.jsp HTTP/1.1" 200 234
0:0:0:0:0:0:0:1 - - [24/May/2023:11:00:11 +0900] "GET /WebServlet_1/greeting.jsp HTTP/1.1" 200 216
0:0:0:0:0:0:0:1 - - [24/May/2023:11:01:21 +0900] "GET /WebServlet_1/default.jsp HTTP/1.1" 200 1575
0:0:0:0:0:0:0:1 - - [24/May/2023:11:01:45 +0900] "GET /WebServlet_1/action.do?cmd=greeting HTTP/1.1" 200 256
0:0:0:0:0:0:0:1 - - [24/May/2023:11:02:54 +0900] "GET /WebServlet_1/simple HTTP/1.1" 200 262
0:0:0:0:0:0:0:1 - - [24/May/2023:11:08:24 +0900] "GET /WebServlet_1/simple HTTP/1.1" 200 262
0:0:0:0:0:0:0:1 - - [24/May/2023:11:08:29 +0900] "GET /WebServlet_1/default.jsp HTTP/1.1" 200 1575
0:0:0:0:0:0:0:1 - - [24/May/2023:11:08:31 +0900] "GET /WebServlet_1/action.do?cmd=greeting HTTP/1.1" 200 265
127.0.0.1 - - [24/May/2023:11:33:26 +0900] "GET / HTTP/1.1" 404 807
0:0:0:0:0:0:0:1 - - [24/May/2023:11:33:27 +0900] "GET /WebJSP_EL_JSTL/Ex03_EL_JSTL.jsp HTTP/1.1" 200 2800
0:0:0:0:0:0:0:1 - - [24/May/2023:11:41:28 +0900] "GET /WebJSP_EL_JSTL/Ex04_JSTL.jsp HTTP/1.1" 500 2530
0:0:0:0:0:0:0:1 - - [24/May/2023:11:42:47 +0900] "GET /WebJSP_EL_JSTL/Ex04_JSTL.jsp?id=hong HTTP/1.1" 500 2530
0:0:0:0:0:0:0:1 - - [24/May/2023:11:43:59 +0900] "GET /WebJSP_EL_JSTL/Ex04_JSTL.jsp HTTP/1.1" 500 2605
0:0:0:0:0:0:0:1 - - [24/May/2023:11:44:34 +0900] "GET /WebJSP_EL_JSTL/Ex04_JSTL.jsp?id=hong HTTP/1.1" 500 2605
0:0:0:0:0:0:0:1 - - [24/May/2023:11:44:37 +0900] "GET /WebJSP_EL_JSTL/Ex04_JSTL.jsp?id=hong HTTP/1.1" 500 2605
0:0:0:0:0:0:0:1 - - [24/May/2023:11:45:44 +0900] "GET /WebJSP_EL_JSTL/Ex04_JSTL.jsp HTTP/1.1" 500 2605
127.0.0.1 - - [24/May/2023:11:46:22 +0900] "GET / HTTP/1.1" 404 807
0:0:0:0:0:0:0:1 - - [24/May/2023:11:46:23 +0900] "GET /WebJSP_EL_JSTL/Ex04_JSTL.jsp HTTP/1.1" 500 2605
0:0:0:0:0:0:0:1 - - [24/May/2023:11:46:37 +0900] "GET /WebJSP_EL_JSTL/Ex04_JSTL.jsp?id=hong HTTP/1.1" 500 2605
0:0:0:0:0:0:0:1 - - [24/May/2023:11:47:44 +0900] "GET /WebJSP_EL_JSTL/Ex04_JSTL.jsp?ID=hong HTTP/1.1" 200 396
0:0:0:0:0:0:0:1 - - [24/May/2023:11:47:44 +0900] "GET /WebJSP_EL_JSTL/images/1.jpg HTTP/1.1" 200 595284
0:0:0:0:0:0:0:1 - - [24/May/2023:11:52:09 +0900] "GET /WebJSP_EL_JSTL/Ex04_JSTL.jsp HTTP/1.1" 500 2605
0:0:0:0:0:0:0:1 - - [24/May/2023:11:52:29 +0900] "GET /WebJSP_EL_JSTL/Ex04_JSTL.jsp?ID=hong&age=20 HTTP/1.1" 200 605
0:0:0:0:0:0:0:1 - - [24/May/2023:11:52:35 +0900] "GET /WebJSP_EL_JSTL/Ex04_JSTL.jsp?ID=hong&age=21 HTTP/1.1" 200 629
0:0:0:0:0:0:0:1 - - [24/May/2023:11:53:00 +0900] "GET /WebJSP_EL_JSTL/Ex04_JSTL.jsp?ID=hong&age=20 HTTP/1.1" 200 605
0:0:0:0:0:0:0:1 - - [24/May/2023:11:59:54 +0900] "GET /WebJSP_EL_JSTL/Ex05_JSTL.jsp HTTP/1.1" 200 280
0:0:0:0:0:0:0:1 - - [24/May/2023:12:00:09 +0900] "GET /WebJSP_EL_JSTL/Ex05_JSTL.jsp?id=hong&pwd=1004 HTTP/1.1" 200 296
0:0:0:0:0:0:0:1 - - [24/May/2023:12:00:53 +0900] "GET /WebJSP_EL_JSTL/Ex05_JSTL.jsp?id=hong&pwd=1004 HTTP/1.1" 200 426
0:0:0:0:0:0:0:1 - - [24/May/2023:12:02:52 +0900] "GET /WebJSP_EL_JSTL/Ex05_JSTL.jsp?id=hong&pwd=1004 HTTP/1.1" 200 534
0:0:0:0:0:0:0:1 - - [24/May/2023:12:02:57 +0900] "GET /WebJSP_EL_JSTL/Ex05_JSTL.jsp?id=hong&pwd=1007 HTTP/1.1" 200 500
0:0:0:0:0:0:0:1 - - [24/May/2023:12:03:23 +0900] "GET /WebJSP_EL_JSTL/Ex05_JSTL.jsp?id=hong HTTP/1.1" 200 425
0:0:0:0:0:0:0:1 - - [24/May/2023:12:03:34 +0900] "GET /WebJSP_EL_JSTL/Ex05_JSTL.jsp?id=hong&pwd HTTP/1.1" 200 425
0:0:0:0:0:0:0:1 - - [24/May/2023:12:03:39 +0900] "GET /WebJSP_EL_JSTL/Ex05_JSTL.jsp?id=hong&pw= HTTP/1.1" 200 425
0:0:0:0:0:0:0:1 - - [24/May/2023:12:03:43 +0900] "GET /WebJSP_EL_JSTL/Ex05_JSTL.jsp?id=hong&pw=1004 HTTP/1.1" 200 425
0:0:0:0:0:0:0:1 - - [24/May/2023:12:03:59 +0900] "GET /WebJSP_EL_JSTL/Ex05_JSTL.jsp?id=hong&pwd HTTP/1.1" 200 425
0:0:0:0:0:0:0:1 - - [24/May/2023:12:04:02 +0900] "GET /WebJSP_EL_JSTL/Ex05_JSTL.jsp?id=hong&pwd=1004 HTTP/1.1" 200 534
127.0.0.1 - - [24/May/2023:13:08:14 +0900] "GET / HTTP/1.1" 404 807
0:0:0:0:0:0:0:1 - - [24/May/2023:13:08:15 +0900] "GET /WebServlet_1/greeting.jsp HTTP/1.1" 200 224
0:0:0:0:0:0:0:1 - - [24/May/2023:13:08:37 +0900] "GET /WebServlet_1/greeting.jsp?msg=as HTTP/1.1" 200 224
0:0:0:0:0:0:0:1 - - [24/May/2023:13:09:03 +0900] "GET /WebServlet_1/greeting.jsp?cmd=greeting HTTP/1.1" 200 224
0:0:0:0:0:0:0:1 - - [24/May/2023:13:09:58 +0900] "GET /WebServlet_1/action.do?cmd=greeting HTTP/1.1" 200 264
0:0:0:0:0:0:0:1 - - [24/May/2023:13:10:15 +0900] "GET /WebServlet_1/default.jsp HTTP/1.1" 200 1575
0:0:0:0:0:0:0:1 - - [24/May/2023:13:10:18 +0900] "GET /WebServlet_1/action.do?cmd=greeting HTTP/1.1" 200 264
0:0:0:0:0:0:0:1 - - [24/May/2023:13:10:21 +0900] "GET /WebServlet_1/action.do?cmd=greeting HTTP/1.1" 200 263
0:0:0:0:0:0:0:1 - - [24/May/2023:13:10:25 +0900] "GET /WebServlet_1/action.do?cmd=greeting HTTP/1.1" 200 264
0:0:0:0:0:0:0:1 - - [24/May/2023:13:10:43 +0900] "GET /WebServlet_1/action.do?cmd=greeting HTTP/1.1" 200 264
0:0:0:0:0:0:0:1 - - [24/May/2023:13:11:25 +0900] "GET /WebServlet_1/greeting.jsp HTTP/1.1" 200 224
0:0:0:0:0:0:0:1 - - [24/May/2023:13:11:53 +0900] "GET /WebServlet_1/action.do?cmd=greeting HTTP/1.1" 200 264
0:0:0:0:0:0:0:1 - - [24/May/2023:13:12:11 +0900] "GET /WebServlet_1/greeting.jsp HTTP/1.1" 200 224
0:0:0:0:0:0:0:1 - - [24/May/2023:13:12:15 +0900] "GET /WebServlet_1/action.do?cmd=greeting HTTP/1.1" 200 264
0:0:0:0:0:0:0:1 - - [24/May/2023:13:20:14 +0900] "GET /WebServlet_1/action.do?cmd=greeting HTTP/1.1" 200 264
0:0:0:0:0:0:0:1 - - [24/May/2023:13:24:24 +0900] "GET /WebServlet_1/action.do?cmd=greeting HTTP/1.1" 200 264
0:0:0:0:0:0:0:1 - - [24/May/2023:13:32:30 +0900] "GET /WebServlet_1/action.do?cmd=greeting HTTP/1.1" 200 264
0:0:0:0:0:0:0:1 - - [24/May/2023:13:32:33 +0900] "GET /WebServlet_1/action.do?cmd=greeting HTTP/1.1" 200 264
0:0:0:0:0:0:0:1 - - [24/May/2023:13:32:33 +0900] "GET /WebServlet_1/action.do?cmd=greeting HTTP/1.1" 200 264
0:0:0:0:0:0:0:1 - - [24/May/2023:13:32:33 +0900] "GET /WebServlet_1/action.do?cmd=greeting HTTP/1.1" 200 263
0:0:0:0:0:0:0:1 - - [24/May/2023:13:32:34 +0900] "GET /WebServlet_1/action.do?cmd=greeting HTTP/1.1" 200 264
0:0:0:0:0:0:0:1 - - [24/May/2023:13:32:34 +0900] "GET /WebServlet_1/action.do?cmd=greeting HTTP/1.1" 200 264
0:0:0:0:0:0:0:1 - - [24/May/2023:13:32:34 +0900] "GET /WebServlet_1/action.do?cmd=greeting HTTP/1.1" 200 264
0:0:0:0:0:0:0:1 - - [24/May/2023:13:32:34 +0900] "GET /WebServlet_1/action.do?cmd=greeting HTTP/1.1" 200 264
0:0:0:0:0:0:0:1 - - [24/May/2023:13:32:35 +0900] "GET /WebServlet_1/action.do?cmd=greeting HTTP/1.1" 200 264
0:0:0:0:0:0:0:1 - - [24/May/2023:13:32:35 +0900] "GET /WebServlet_1/action.do?cmd=greeting HTTP/1.1" 200 264
0:0:0:0:0:0:0:1 - - [24/May/2023:13:32:35 +0900] "GET /WebServlet_1/action.do?cmd=greeting HTTP/1.1" 200 264
0:0:0:0:0:0:0:1 - - [24/May/2023:13:32:35 +0900] "GET /WebServlet_1/action.do?cmd=greeting HTTP/1.1" 200 264
0:0:0:0:0:0:0:1 - - [24/May/2023:13:32:36 +0900] "GET /WebServlet_1/action.do?cmd=greeting HTTP/1.1" 200 264
0:0:0:0:0:0:0:1 - - [24/May/2023:13:32:36 +0900] "GET /WebServlet_1/action.do?cmd=greeting HTTP/1.1" 200 264
0:0:0:0:0:0:0:1 - - [24/May/2023:13:32:36 +0900] "GET /WebServlet_1/action.do?cmd=greeting HTTP/1.1" 200 263
0:0:0:0:0:0:0:1 - - [24/May/2023:13:32:36 +0900] "GET /WebServlet_1/action.do?cmd=greeting HTTP/1.1" 200 264
0:0:0:0:0:0:0:1 - - [24/May/2023:13:32:37 +0900] "GET /WebServlet_1/action.do?cmd=greeting HTTP/1.1" 200 264
0:0:0:0:0:0:0:1 - - [24/May/2023:13:32:37 +0900] "GET /WebServlet_1/action.do?cmd=greeting HTTP/1.1" 200 264
0:0:0:0:0:0:0:1 - - [24/May/2023:13:32:37 +0900] "GET /WebServlet_1/action.do?cmd=greeting HTTP/1.1" 200 264
0:0:0:0:0:0:0:1 - - [24/May/2023:13:32:37 +0900] "GET /WebServlet_1/action.do?cmd=greeting HTTP/1.1" 200 264
0:0:0:0:0:0:0:1 - - [24/May/2023:13:32:38 +0900] "GET /WebServlet_1/action.do?cmd=greeting HTTP/1.1" 200 264
0:0:0:0:0:0:0:1 - - [24/May/2023:13:46:42 +0900] "GET /WebServlet_1/action.do?cmd=greeting HTTP/1.1" 200 296
0:0:0:0:0:0:0:1 - - [24/May/2023:13:47:07 +0900] "GET /WebServlet_1/default.jsp HTTP/1.1" 200 1575
0:0:0:0:0:0:0:1 - - [24/May/2023:13:47:08 +0900] "GET /WebServlet_1/action.do?cmd=greeting HTTP/1.1" 200 296
127.0.0.1 - - [24/May/2023:13:47:34 +0900] "GET / HTTP/1.1" 404 807
0:0:0:0:0:0:0:1 - - [24/May/2023:13:47:35 +0900] "GET /WebServlet_1/default.jsp HTTP/1.1" 200 1575
0:0:0:0:0:0:0:1 - - [24/May/2023:13:47:36 +0900] "GET /WebServlet_1/action.do?cmd=greeting HTTP/1.1" 200 454
0:0:0:0:0:0:0:1 - - [24/May/2023:13:49:08 +0900] "GET /WebServlet_1/action.do?cmd=greeting HTTP/1.1" 200 261
127.0.0.1 - - [24/May/2023:13:58:19 +0900] "GET / HTTP/1.1" 404 807
0:0:0:0:0:0:0:1 - - [24/May/2023:13:58:20 +0900] "GET /WebJSP_EL_JSTL/Ex01_EL.jsp HTTP/1.1" 200 355
0:0:0:0:0:0:0:1 - - [24/May/2023:14:01:14 +0900] "GET /WebJSP_EL_JSTL/Ex01_EL.jsp?id=%22%ED%95%98%ED%95%98%22 HTTP/1.1" 200 355
0:0:0:0:0:0:0:1 - - [24/May/2023:14:01:17 +0900] "GET /WebJSP_EL_JSTL/Ex01_EL.jsp?id=%22%ED%95%98%ED%95%98%22 HTTP/1.1" 200 355
0:0:0:0:0:0:0:1 - - [24/May/2023:14:12:28 +0900] "GET /WebJSP_EL_JSTL/Ex06_EL_JSTL.jsp HTTP/1.1" 200 2221
0:0:0:0:0:0:0:1 - - [24/May/2023:14:12:39 +0900] "GET /WebJSP_EL_JSTL/Ex06_EL_JSTL.jsp HTTP/1.1" 200 1919
0:0:0:0:0:0:0:1 - - [24/May/2023:14:17:14 +0900] "GET /WebJSP_EL_JSTL/Ex06_EL_JSTL.jsp HTTP/1.1" 200 4391
0:0:0:0:0:0:0:1 - - [24/May/2023:14:17:59 +0900] "GET /WebJSP_EL_JSTL/Ex06_EL_JSTL.jsp HTTP/1.1" 500 3414
127.0.0.1 - - [24/May/2023:14:18:17 +0900] "GET / HTTP/1.1" 404 807
0:0:0:0:0:0:0:1 - - [24/May/2023:14:18:17 +0900] "GET /WebJSP_EL_JSTL/Ex06_EL_JSTL.jsp HTTP/1.1" 500 3414
0:0:0:0:0:0:0:1 - - [24/May/2023:14:18:29 +0900] "GET /WebJSP_EL_JSTL/Ex06_EL_JSTL.jsp HTTP/1.1" 500 3414
0:0:0:0:0:0:0:1 - - [24/May/2023:14:18:32 +0900] "GET /WebJSP_EL_JSTL/Ex06_EL_JSTL.jsp HTTP/1.1" 500 2976
0:0:0:0:0:0:0:1 - - [24/May/2023:14:18:32 +0900] "GET /WebJSP_EL_JSTL/Ex06_EL_JSTL.jsp HTTP/1.1" 500 2976
0:0:0:0:0:0:0:1 - - [24/May/2023:14:18:45 +0900] "GET /WebJSP_EL_JSTL/Ex06_EL_JSTL.jsp HTTP/1.1" 200 4391
0:0:0:0:0:0:0:1 - - [24/May/2023:14:24:45 +0900] "GET /WebJSP_EL_JSTL/Ex06_EL_JSTL.jsp HTTP/1.1" 200 5005
0:0:0:0:0:0:0:1 - - [24/May/2023:14:26:02 +0900] "GET /WebJSP_EL_JSTL/Ex06_EL_JSTL.jsp HTTP/1.1" 200 5412
0:0:0:0:0:0:0:1 - - [24/May/2023:14:26:38 +0900] "GET /WebJSP_EL_JSTL/Ex06_EL_JSTL.jsp HTTP/1.1" 200 5451
0:0:0:0:0:0:0:1 - - [24/May/2023:14:26:43 +0900] "GET /WebJSP_EL_JSTL/Ex06_EL_JSTL.jsp HTTP/1.1" 200 5412
0:0:0:0:0:0:0:1 - - [24/May/2023:14:33:10 +0900] "GET /WebJSP_EL_JSTL/Ex07_EL_JSTL.jsp HTTP/1.1" 500 2866
0:0:0:0:0:0:0:1 - - [24/May/2023:14:35:32 +0900] "GET /WebJSP_EL_JSTL/Ex07_EL_JSTL.jsp HTTP/1.1" 500 3067
127.0.0.1 - - [24/May/2023:14:35:55 +0900] "GET / HTTP/1.1" 404 807
0:0:0:0:0:0:0:1 - - [24/May/2023:14:35:56 +0900] "GET /WebJSP_EL_JSTL/Ex07_EL_JSTL.jsp HTTP/1.1" 500 3067
0:0:0:0:0:0:0:1 - - [24/May/2023:14:36:11 +0900] "GET /WebJSP_EL_JSTL/Ex07_EL_JSTL.jsp?name=%22kglim%22 HTTP/1.1" 500 3067
0:0:0:0:0:0:0:1 - - [24/May/2023:14:36:17 +0900] "GET /WebJSP_EL_JSTL/Ex07_EL_JSTL.jsp?name=kglim HTTP/1.1" 500 3067
0:0:0:0:0:0:0:1 - - [24/May/2023:14:37:01 +0900] "GET /WebJSP_EL_JSTL/Ex07_EL_JSTL.jsp?name=hong HTTP/1.1" 404 808
0:0:0:0:0:0:0:1 - - [24/May/2023:14:37:13 +0900] "GET /WebJSP_EL_JSTL/Ex07_EL_JSTL.jsp?name=hong HTTP/1.1" 404 808
0:0:0:0:0:0:0:1 - - [24/May/2023:14:37:13 +0900] "GET /WebJSP_EL_JSTL/Ex07_EL_JSTL.jsp?name=hong HTTP/1.1" 404 808
0:0:0:0:0:0:0:1 - - [24/May/2023:14:37:13 +0900] "GET /WebJSP_EL_JSTL/Ex07_EL_JSTL.jsp?name=hong HTTP/1.1" 404 808
0:0:0:0:0:0:0:1 - - [24/May/2023:14:37:14 +0900] "GET /WebJSP_EL_JSTL/Ex07_EL_JSTL.jsp?name=hong HTTP/1.1" 404 808
0:0:0:0:0:0:0:1 - - [24/May/2023:14:37:14 +0900] "GET /WebJSP_EL_JSTL/Ex07_EL_JSTL.jsp?name=hong HTTP/1.1" 404 808
0:0:0:0:0:0:0:1 - - [24/May/2023:14:37:14 +0900] "GET /WebJSP_EL_JSTL/Ex07_EL_JSTL.jsp?name=hong HTTP/1.1" 404 808
0:0:0:0:0:0:0:1 - - [24/May/2023:14:37:14 +0900] "GET /WebJSP_EL_JSTL/Ex07_EL_JSTL.jsp?name=hong HTTP/1.1" 404 808
0:0:0:0:0:0:0:1 - - [24/May/2023:14:37:14 +0900] "GET /WebJSP_EL_JSTL/Ex07_EL_JSTL.jsp?name=hong HTTP/1.1" 404 808
127.0.0.1 - - [24/May/2023:14:37:24 +0900] "GET / HTTP/1.1" 404 807
0:0:0:0:0:0:0:1 - - [24/May/2023:14:37:24 +0900] "GET /WebJSP_EL_JSTL/Ex07_EL_JSTL_Quiz.jsp HTTP/1.1" 500 3077
0:0:0:0:0:0:0:1 - - [24/May/2023:14:37:32 +0900] "GET /WebJSP_EL_JSTL/Ex07_EL_JSTL_Quiz.jsp?name=hong HTTP/1.1" 500 3077
0:0:0:0:0:0:0:1 - - [24/May/2023:14:37:48 +0900] "GET /WebJSP_EL_JSTL/Ex07_EL_JSTL_Quiz.jsp?name=hong HTTP/1.1" 200 379
0:0:0:0:0:0:0:1 - - [24/May/2023:14:37:50 +0900] "GET /WebJSP_EL_JSTL/Ex07_EL_JSTL_Quiz.jsp?name=hong HTTP/1.1" 200 379
0:0:0:0:0:0:0:1 - - [24/May/2023:14:37:50 +0900] "GET /WebJSP_EL_JSTL/Ex07_EL_JSTL_Quiz.jsp?name=hong HTTP/1.1" 200 379
0:0:0:0:0:0:0:1 - - [24/May/2023:14:37:50 +0900] "GET /WebJSP_EL_JSTL/Ex07_EL_JSTL_Quiz.jsp?name=hong HTTP/1.1" 200 379
0:0:0:0:0:0:0:1 - - [24/May/2023:14:38:54 +0900] "GET /WebJSP_EL_JSTL/Ex07_EL_JSTL_Quiz.jsp?name=hong HTTP/1.1" 500 3077
0:0:0:0:0:0:0:1 - - [24/May/2023:14:38:58 +0900] "GET /WebJSP_EL_JSTL/Ex07_EL_JSTL_Quiz.jsp?name=hong HTTP/1.1" 200 379
0:0:0:0:0:0:0:1 - - [24/May/2023:14:39:05 +0900] "GET /WebJSP_EL_JSTL/Ex07_EL_JSTL_Quiz.jsp?name=kglim HTTP/1.1" 500 3077
0:0:0:0:0:0:0:1 - - [24/May/2023:14:39:07 +0900] "GET /WebJSP_EL_JSTL/Ex07_EL_JSTL_Quiz.jsp?name=kglim HTTP/1.1" 200 381
0:0:0:0:0:0:0:1 - - [24/May/2023:14:39:11 +0900] "GET /WebJSP_EL_JSTL/Ex07_EL_JSTL_Quiz.jsp?name=aaa HTTP/1.1" 500 3077
0:0:0:0:0:0:0:1 - - [24/May/2023:14:39:13 +0900] "GET /WebJSP_EL_JSTL/Ex07_EL_JSTL_Quiz.jsp?name=aaa HTTP/1.1" 200 379
0:0:0:0:0:0:0:1 - - [24/May/2023:14:49:48 +0900] "GET /WebJSP_EL_JSTL/Ex08.html HTTP/1.1" 200 492
0:0:0:0:0:0:0:1 - - [24/May/2023:14:49:52 +0900] "POST /WebJSP_EL_JSTL/Ex08_EL_JSTL_Quiz.jsp HTTP/1.1" 200 648
0:0:0:0:0:0:0:1 - - [24/May/2023:14:50:11 +0900] "POST /WebJSP_EL_JSTL/Ex08_EL_JSTL_Quiz.jsp HTTP/1.1" 200 624
0:0:0:0:0:0:0:1 - - [24/May/2023:14:50:13 +0900] "POST /WebJSP_EL_JSTL/Ex08_EL_JSTL_Quiz.jsp HTTP/1.1" 200 624
0:0:0:0:0:0:0:1 - - [24/May/2023:14:51:07 +0900] "POST /WebJSP_EL_JSTL/Ex08_EL_JSTL_Quiz.jsp HTTP/1.1" 200 620
0:0:0:0:0:0:0:1 - - [24/May/2023:14:54:29 +0900] "POST /WebJSP_EL_JSTL/Ex08_EL_JSTL_Quiz.jsp HTTP/1.1" 500 3358
0:0:0:0:0:0:0:1 - - [24/May/2023:14:54:33 +0900] "POST /WebJSP_EL_JSTL/Ex08_EL_JSTL_Quiz.jsp HTTP/1.1" 200 620
127.0.0.1 - - [24/May/2023:14:54:52 +0900] "GET / HTTP/1.1" 404 807
0:0:0:0:0:0:0:1 - - [24/May/2023:14:54:55 +0900] "POST /WebJSP_EL_JSTL/Ex08_EL_JSTL_Quiz.jsp HTTP/1.1" 500 3358
0:0:0:0:0:0:0:1 - - [24/May/2023:14:55:08 +0900] "POST /WebJSP_EL_JSTL/Ex08_EL_JSTL_Quiz.jsp HTTP/1.1" 200 752
0:0:0:0:0:0:0:1 - - [24/May/2023:14:55:10 +0900] "POST /WebJSP_EL_JSTL/Ex08_EL_JSTL_Quiz.jsp HTTP/1.1" 200 752
0:0:0:0:0:0:0:1 - - [24/May/2023:14:55:13 +0900] "GET /WebJSP_EL_JSTL/Ex08_EL_JSTL_Quiz.jsp HTTP/1.1" 200 622
0:0:0:0:0:0:0:1 - - [24/May/2023:14:55:16 +0900] "POST /WebJSP_EL_JSTL/Ex08_EL_JSTL_Quiz.jsp HTTP/1.1" 200 752
0:0:0:0:0:0:0:1 - - [24/May/2023:14:55:25 +0900] "POST /WebJSP_EL_JSTL/Ex08_EL_JSTL_Quiz.jsp HTTP/1.1" 200 863
0:0:0:0:0:0:0:1 - - [24/May/2023:14:56:03 +0900] "GET /WebJSP_EL_JSTL/Ex08.html HTTP/1.1" 304 -
0:0:0:0:0:0:0:1 - - [24/May/2023:14:56:06 +0900] "POST /WebJSP_EL_JSTL/Ex08_EL_JSTL_Quiz.jsp HTTP/1.1" 200 738
0:0:0:0:0:0:0:1 - - [24/May/2023:14:56:11 +0900] "POST /WebJSP_EL_JSTL/Ex08_EL_JSTL_Quiz.jsp HTTP/1.1" 200 738
0:0:0:0:0:0:0:1 - - [24/May/2023:14:57:23 +0900] "POST /WebJSP_EL_JSTL/Ex08_EL_JSTL_Quiz.jsp HTTP/1.1" 200 762
0:0:0:0:0:0:0:1 - - [24/May/2023:14:58:01 +0900] "GET /WebJSP_EL_JSTL/Ex08.html HTTP/1.1" 304 -
0:0:0:0:0:0:0:1 - - [24/May/2023:14:58:06 +0900] "POST /WebJSP_EL_JSTL/Ex08_EL_JSTL_Quiz.jsp HTTP/1.1" 200 802
127.0.0.1 - - [24/May/2023:15:32:49 +0900] "GET / HTTP/1.1" 404 807
0:0:0:0:0:0:0:1 - - [24/May/2023:15:32:50 +0900] "GET /WebJSP_EL_JSTL/Ex09_JDBC_EL_JSTL.jsp HTTP/1.1" 200 138
0:0:0:0:0:0:0:1 - - [24/May/2023:15:40:18 +0900] "GET /WebJSP_EL_JSTL/Ex09_JDBC_EL_JSTL.jsp HTTP/1.1" 200 138
0:0:0:0:0:0:0:1 - - [24/May/2023:15:40:22 +0900] "GET /WebJSP_EL_JSTL/Ex09_JDBC_EL_JSTL.jsp HTTP/1.1" 200 138
0:0:0:0:0:0:0:1 - - [24/May/2023:15:44:52 +0900] "GET /WebJSP_EL_JSTL/Ex09_JDBC_EL_JSTL.jsp HTTP/1.1" 200 138
127.0.0.1 - - [24/May/2023:15:45:59 +0900] "GET / HTTP/1.1" 404 807
0:0:0:0:0:0:0:1 - - [24/May/2023:15:46:00 +0900] "GET /WebJSP_EL_JSTL/ HTTP/1.1" 404 826
0:0:0:0:0:0:0:1 - - [24/May/2023:15:46:03 +0900] "GET /WebJSP_EL_JSTL/ HTTP/1.1" 404 826
0:0:0:0:0:0:0:1 - - [24/May/2023:15:48:21 +0900] "GET /WebJSP_EL_JSTL/Ex09_JDBC_EL_JSTL.jsp HTTP/1.1" 200 136
0:0:0:0:0:0:0:1 - - [24/May/2023:15:48:21 +0900] "GET /favicon.ico HTTP/1.1" 404 818
0:0:0:0:0:0:0:1 - - [24/May/2023:15:50:23 +0900] "GET /WebJSP_EL_JSTL/Ex09_JDBC_EL_JSTL.jsp HTTP/1.1" 200 138
0:0:0:0:0:0:0:1 - - [24/May/2023:15:53:53 +0900] "GET /WebJSP_EL_JSTL/Ex09_JDBC_EL_JSTL.jsp HTTP/1.1" 200 138
127.0.0.1 - - [24/May/2023:15:56:04 +0900] "GET / HTTP/1.1" 404 807
0:0:0:0:0:0:0:1 - - [24/May/2023:15:56:05 +0900] "GET /WebJSP_EL_JSTL/Ex09_JDBC_EL_JSTL.jsp HTTP/1.1" 200 138
127.0.0.1 - - [24/May/2023:15:59:51 +0900] "GET / HTTP/1.1" 404 807
0:0:0:0:0:0:0:1 - - [24/May/2023:15:59:51 +0900] "GET /WebJSP_EL_JSTL/Ex09_JDBC_EL_JSTL.jsp HTTP/1.1" 200 138
127.0.0.1 - - [24/May/2023:16:01:05 +0900] "GET / HTTP/1.1" 404 807
0:0:0:0:0:0:0:1 - - [24/May/2023:16:01:06 +0900] "GET /WebJSP_EL_JSTL/Ex09_JDBC_EL_JSTL.jsp HTTP/1.1" 200 138
127.0.0.1 - - [24/May/2023:16:04:44 +0900] "GET / HTTP/1.1" 404 807
0:0:0:0:0:0:0:1 - - [24/May/2023:16:04:45 +0900] "GET /WebJSP_EL_JSTL/WEB-INF/classes/kr/or/kosa/util/SingletonHelper.java HTTP/1.1" 404 721
0:0:0:0:0:0:0:1 - - [24/May/2023:16:05:03 +0900] "GET /WebJSP_EL_JSTL/Ex09_JDBC_EL_JSTL.jsp HTTP/1.1" 200 138
127.0.0.1 - - [24/May/2023:16:05:47 +0900] "GET / HTTP/1.1" 404 807
0:0:0:0:0:0:0:1 - - [24/May/2023:16:05:47 +0900] "GET /WebJSP_EL_JSTL/Ex09_JDBC_EL_JSTL.jsp HTTP/1.1" 200 138
127.0.0.1 - - [24/May/2023:16:16:04 +0900] "GET / HTTP/1.1" 404 807
0:0:0:0:0:0:0:1 - - [24/May/2023:16:16:04 +0900] "GET /WebJSP_EL_JSTL/Ex09_JDBC_EL_JSTL.jsp HTTP/1.1" 200 138
127.0.0.1 - - [24/May/2023:16:18:42 +0900] "GET / HTTP/1.1" 404 807
0:0:0:0:0:0:0:1 - - [24/May/2023:16:18:42 +0900] "GET /WebJSP_EL_JSTL/Ex09_JDBC_EL_JSTL.jsp HTTP/1.1" 200 138
127.0.0.1 - - [24/May/2023:16:21:33 +0900] "GET / HTTP/1.1" 404 807
0:0:0:0:0:0:0:1 - - [24/May/2023:16:21:33 +0900] "GET /WebJSP_EL_JSTL/Ex09_JDBC_EL_JSTL.jsp HTTP/1.1" 200 138
127.0.0.1 - - [24/May/2023:16:22:30 +0900] "GET / HTTP/1.1" 404 807
0:0:0:0:0:0:0:1 - - [24/May/2023:16:22:31 +0900] "GET /WebJSP_EL_JSTL/Ex09_JDBC_EL_JSTL.jsp HTTP/1.1" 200 138
0:0:0:0:0:0:0:1 - - [24/May/2023:16:22:31 +0900] "GET /favicon.ico HTTP/1.1" 404 818
0:0:0:0:0:0:0:1 - - [24/May/2023:16:23:52 +0900] "GET /WebJSP_EL_JSTL/Ex09_JDBC_EL_JSTL.jsp HTTP/1.1" 200 138
0:0:0:0:0:0:0:1 - - [24/May/2023:16:31:52 +0900] "GET /WebJSP_EL_JSTL/Ex09_JDBC_EL_JSTL.jsp HTTP/1.1" 200 138
0:0:0:0:0:0:0:1 - - [24/May/2023:16:33:20 +0900] "GET /WebJSP_EL_JSTL/Ex09_JDBC_EL_JSTL.jsp HTTP/1.1" 200 138
127.0.0.1 - - [24/May/2023:16:38:54 +0900] "GET / HTTP/1.1" 404 807
0:0:0:0:0:0:0:1 - - [24/May/2023:16:38:55 +0900] "GET /WebConnect/DB_Conn.jsp HTTP/1.1" 200 138
0:0:0:0:0:0:0:1 - - [24/May/2023:16:40:11 +0900] "GET /WebConnect/DB_Conn.jsp HTTP/1.1" 200 138
127.0.0.1 - - [24/May/2023:16:45:54 +0900] "GET / HTTP/1.1" 404 807
0:0:0:0:0:0:0:1 - - [24/May/2023:16:45:55 +0900] "GET /WebConnect/DB_Conn.jsp HTTP/1.1" 200 148
127.0.0.1 - - [24/May/2023:16:48:17 +0900] "GET / HTTP/1.1" 404 807
0:0:0:0:0:0:0:1 - - [24/May/2023:16:48:18 +0900] "GET /WebConnect/DB_Conn.jsp HTTP/1.1" 200 475
0:0:0:0:0:0:0:1 - - [24/May/2023:16:48:49 +0900] "GET /WebConnect/DB_Conn.jsp HTTP/1.1" 200 324
0:0:0:0:0:0:0:1 - - [24/May/2023:16:49:16 +0900] "GET /WebConnect/DB_Conn.jsp HTTP/1.1" 200 250
0:0:0:0:0:0:0:1 - - [24/May/2023:16:49:30 +0900] "GET /WebConnect/DB_Conn.jsp HTTP/1.1" 200 250
0:0:0:0:0:0:0:1 - - [24/May/2023:16:49:30 +0900] "GET /WebConnect/DB_Conn.jsp HTTP/1.1" 200 250
0:0:0:0:0:0:0:1 - - [24/May/2023:16:49:33 +0900] "GET /WebConnect/DB_Conn.jsp HTTP/1.1" 200 250
0:0:0:0:0:0:0:1 - - [24/May/2023:16:49:33 +0900] "GET /WebConnect/DB_Conn.jsp HTTP/1.1" 200 250
0:0:0:0:0:0:0:1 - - [24/May/2023:16:49:44 +0900] "GET /WebConnect/DB_Conn.jsp HTTP/1.1" 200 244
0:0:0:0:0:0:0:1 - - [24/May/2023:16:49:44 +0900] "GET /WebConnect/DB_Conn.jsp HTTP/1.1" 200 244
0:0:0:0:0:0:0:1 - - [24/May/2023:16:49:53 +0900] "GET /WebConnect/DB_Conn.jsp HTTP/1.1" 200 244
0:0:0:0:0:0:0:1 - - [24/May/2023:16:51:00 +0900] "GET /WebConnect/DB_Conn.jsp HTTP/1.1" 200 177
0:0:0:0:0:0:0:1 - - [24/May/2023:16:51:01 +0900] "GET /WebConnect/DB_Conn.jsp HTTP/1.1" 200 177
0:0:0:0:0:0:0:1 - - [24/May/2023:16:52:27 +0900] "GET /WebConnect/DB_Conn.jsp HTTP/1.1" 500 3597
0:0:0:0:0:0:0:1 - - [24/May/2023:16:52:40 +0900] "GET /WebConnect/DB_Conn.jsp HTTP/1.1" 500 3596
127.0.0.1 - - [24/May/2023:16:52:52 +0900] "GET / HTTP/1.1" 404 807
0:0:0:0:0:0:0:1 - - [24/May/2023:16:52:53 +0900] "GET /WebConnect/DB_Conn.jsp HTTP/1.1" 500 3586
0:0:0:0:0:0:0:1 - - [24/May/2023:16:53:50 +0900] "GET /WebConnect/DB_Conn.jsp HTTP/1.1" 500 3597
0:0:0:0:0:0:0:1 - - [24/May/2023:16:53:50 +0900] "GET /WebConnect/DB_Conn.jsp HTTP/1.1" 500 3597
0:0:0:0:0:0:0:1 - - [24/May/2023:16:56:26 +0900] "GET /WebConnect/DB_Conn.jsp HTTP/1.1" 200 1376
127.0.0.1 - - [24/May/2023:17:01:07 +0900] "GET / HTTP/1.1" 404 807
0:0:0:0:0:0:0:1 - - [24/May/2023:17:01:07 +0900] "GET /WebJSP_EL_JSTL/Ex09_JDBC_EL_JSTL.jsp HTTP/1.1" 200 138
127.0.0.1 - - [24/May/2023:17:01:43 +0900] "GET / HTTP/1.1" 404 807
0:0:0:0:0:0:0:1 - - [24/May/2023:17:01:44 +0900] "GET /WebJSP_EL_JSTL/Ex09_JDBC_EL_JSTL.jsp HTTP/1.1" 200 138
127.0.0.1 - - [24/May/2023:17:02:35 +0900] "GET / HTTP/1.1" 404 807
0:0:0:0:0:0:0:1 - - [24/May/2023:17:02:35 +0900] "GET /WebJSP_EL_JSTL/Ex09_JDBC_EL_JSTL.jsp HTTP/1.1" 200 138
127.0.0.1 - - [24/May/2023:17:04:03 +0900] "GET / HTTP/1.1" 404 807
0:0:0:0:0:0:0:1 - - [24/May/2023:17:04:04 +0900] "GET /WebJSP_EL_JSTL/Ex09_JDBC_EL_JSTL.jsp HTTP/1.1" 200 138
127.0.0.1 - - [24/May/2023:17:05:02 +0900] "GET / HTTP/1.1" 404 807
0:0:0:0:0:0:0:1 - - [24/May/2023:17:05:03 +0900] "GET /WebJSP_EL_JSTL/Ex09_JDBC_EL_JSTL.jsp HTTP/1.1" 200 138
127.0.0.1 - - [24/May/2023:17:06:27 +0900] "GET / HTTP/1.1" 404 807
0:0:0:0:0:0:0:1 - - [24/May/2023:17:06:27 +0900] "GET /WebJSP_EL_JSTL/Ex09_JDBC_EL_JSTL.jsp HTTP/1.1" 200 138
0:0:0:0:0:0:0:1 - - [24/May/2023:17:07:49 +0900] "GET /WebJSP_EL_JSTL/Ex09_JDBC_EL_JSTL.jsp HTTP/1.1" 200 140
127.0.0.1 - - [24/May/2023:17:08:24 +0900] "GET / HTTP/1.1" 404 807
0:0:0:0:0:0:0:1 - - [24/May/2023:17:08:26 +0900] "GET /WebConnect/DB_Conn.jsp HTTP/1.1" 200 10546
0:0:0:0:0:0:0:1 - - [24/May/2023:17:11:46 +0900] "GET /WebConnect/DB_Conn.jsp HTTP/1.1" 200 4717
0:0:0:0:0:0:0:1 - - [24/May/2023:17:12:13 +0900] "GET /WebConnect/DB_Conn.jsp HTTP/1.1" 200 474
0:0:0:0:0:0:0:1 - - [24/May/2023:17:12:28 +0900] "GET /WebConnect/DB_Conn.jsp HTTP/1.1" 200 4717
0:0:0:0:0:0:0:1 - - [24/May/2023:17:13:02 +0900] "GET /WebConnect/DB_Conn.jsp HTTP/1.1" 200 4717
0:0:0:0:0:0:0:1 - - [24/May/2023:17:13:03 +0900] "GET /WebConnect/DB_Conn.jsp HTTP/1.1" 200 4717
0:0:0:0:0:0:0:1 - - [24/May/2023:17:13:03 +0900] "GET /WebConnect/DB_Conn.jsp HTTP/1.1" 200 4717
0:0:0:0:0:0:0:1 - - [24/May/2023:17:13:03 +0900] "GET /WebConnect/DB_Conn.jsp HTTP/1.1" 200 4717
0:0:0:0:0:0:0:1 - - [24/May/2023:17:13:03 +0900] "GET /WebConnect/DB_Conn.jsp HTTP/1.1" 200 4717
0:0:0:0:0:0:0:1 - - [24/May/2023:17:13:22 +0900] "GET /WebConnect/DB_Conn.jsp HTTP/1.1" 200 4717
0:0:0:0:0:0:0:1 - - [24/May/2023:17:13:23 +0900] "GET /WebConnect/DB_Conn.jsp HTTP/1.1" 200 4717
0:0:0:0:0:0:0:1 - - [24/May/2023:17:13:25 +0900] "GET /WebConnect/DB_Conn.jsp HTTP/1.1" 200 4717
0:0:0:0:0:0:0:1 - - [24/May/2023:17:13:25 +0900] "GET /favicon.ico HTTP/1.1" 404 818
0:0:0:0:0:0:0:1 - - [24/May/2023:17:13:38 +0900] "GET /WebConnect/DB_Conn.jsp HTTP/1.1" 200 3621
0:0:0:0:0:0:0:1 - - [24/May/2023:17:14:09 +0900] "GET /WebConnect/DB_Conn.jsp HTTP/1.1" 200 4047
0:0:0:0:0:0:0:1 - - [24/May/2023:17:14:46 +0900] "GET /WebConnect/DB_Conn.jsp HTTP/1.1" 200 4078
0:0:0:0:0:0:0:1 - - [24/May/2023:17:17:52 +0900] "GET /WebConnect/DB_Conn.jsp HTTP/1.1" 200 4063
0:0:0:0:0:0:0:1 - - [24/May/2023:17:18:02 +0900] "GET /WebConnect/DB_Conn.jsp HTTP/1.1" 200 4063
0:0:0:0:0:0:0:1 - - [24/May/2023:17:19:30 +0900] "GET /WebConnect/DB_Conn.jsp HTTP/1.1" 200 4243
0:0:0:0:0:0:0:1 - - [24/May/2023:17:19:45 +0900] "GET /WebConnect/DB_Conn.jsp HTTP/1.1" 200 4084
127.0.0.1 - - [24/May/2023:17:22:20 +0900] "GET / HTTP/1.1" 404 807
0:0:0:0:0:0:0:1 - - [24/May/2023:17:22:21 +0900] "GET /WebJSP_EL_JSTL/Ex09_JDBC_EL_JSTL.jsp HTTP/1.1" 500 3427
0:0:0:0:0:0:0:1 - - [24/May/2023:19:06:19 +0900] "GET /WebConnect/DB_Conn.jsp HTTP/1.1" 200 4459
0:0:0:0:0:0:0:1 - - [24/May/2023:19:06:43 +0900] "GET /WebConnect/DB_Conn.jsp HTTP/1.1" 200 4107
127.0.0.1 - - [24/May/2023:19:08:09 +0900] "GET / HTTP/1.1" 404 807
0:0:0:0:0:0:0:1 - - [24/May/2023:19:08:10 +0900] "GET /WebJSP_EL_JSTL/Ex09_JDBC_EL_JSTL.jsp HTTP/1.1" 200 143
0:0:0:0:0:0:0:1 - - [24/May/2023:19:10:30 +0900] "GET /WebJSP_EL_JSTL/Ex09_JDBC_EL_JSTL.jsp HTTP/1.1" 200 138
127.0.0.1 - - [24/May/2023:19:12:04 +0900] "GET / HTTP/1.1" 404 807
0:0:0:0:0:0:0:1 - - [24/May/2023:19:12:04 +0900] "GET /WebJSP_EL_JSTL/Ex09_JDBC_EL_JSTL.jsp HTTP/1.1" 200 138
127.0.0.1 - - [24/May/2023:19:15:34 +0900] "GET / HTTP/1.1" 404 807
0:0:0:0:0:0:0:1 - - [24/May/2023:19:15:34 +0900] "GET /WebJSP_EL_JSTL/Ex09_JDBC_EL_JSTL.jsp HTTP/1.1" 200 138
127.0.0.1 - - [24/May/2023:19:18:24 +0900] "GET / HTTP/1.1" 404 807
0:0:0:0:0:0:0:1 - - [24/May/2023:19:18:24 +0900] "GET /WebJSP_EL_JSTL/Ex09_JDBC_EL_JSTL.jsp HTTP/1.1" 200 138
127.0.0.1 - - [24/May/2023:19:25:40 +0900] "GET / HTTP/1.1" 404 807
0:0:0:0:0:0:0:1 - - [24/May/2023:19:25:41 +0900] "GET /WebJSP_EL_JSTL/Ex09_JDBC_EL_JSTL.jsp HTTP/1.1" 200 142
127.0.0.1 - - [24/May/2023:19:26:34 +0900] "GET / HTTP/1.1" 404 807
0:0:0:0:0:0:0:1 - - [24/May/2023:19:26:34 +0900] "GET /WebJSP_EL_JSTL/Ex09_JDBC_EL_JSTL.jsp HTTP/1.1" 200 142
127.0.0.1 - - [24/May/2023:19:27:03 +0900] "GET / HTTP/1.1" 404 807
0:0:0:0:0:0:0:1 - - [24/May/2023:19:27:03 +0900] "GET /WebJSP_EL_JSTL/Ex09_JDBC_EL_JSTL.jsp HTTP/1.1" 200 142
127.0.0.1 - - [24/May/2023:19:29:04 +0900] "GET / HTTP/1.1" 404 807
0:0:0:0:0:0:0:1 - - [24/May/2023:19:29:05 +0900] "GET /WebJSP_EL_JSTL/Ex09_JDBC_EL_JSTL.jsp HTTP/1.1" 200 142
127.0.0.1 - - [24/May/2023:20:03:20 +0900] "GET / HTTP/1.1" 404 807
0:0:0:0:0:0:0:1 - - [24/May/2023:20:03:22 +0900] "GET /WebJSP_EL_JSTL/Ex09_JDBC_EL_JSTL.jsp HTTP/1.1" 200 1855
0:0:0:0:0:0:0:1 - - [24/May/2023:20:04:00 +0900] "GET /WebJSP_EL_JSTL/Ex09_JDBC_EL_JSTL.jsp HTTP/1.1" 200 1845
0:0:0:0:0:0:0:1 - - [24/May/2023:20:04:27 +0900] "GET /WebJSP_EL_JSTL/Ex09_JDBC_EL_JSTL.jsp HTTP/1.1" 200 2274
0:0:0:0:0:0:0:1 - - [24/May/2023:20:06:02 +0900] "GET /WebJSP_EL_JSTL/Ex09_JDBC_EL_JSTL.jsp HTTP/1.1" 200 3958
127.0.0.1 - - [24/May/2023:20:06:33 +0900] "GET / HTTP/1.1" 404 807
0:0:0:0:0:0:0:1 - - [24/May/2023:20:06:34 +0900] "GET /WebJSP_EL_JSTL/Ex09_JDBC_EL_JSTL.jsp HTTP/1.1" 200 951
127.0.0.1 - - [24/May/2023:20:07:00 +0900] "GET / HTTP/1.1" 404 807
0:0:0:0:0:0:0:1 - - [24/May/2023:20:07:01 +0900] "GET /WebJSP_EL_JSTL/Ex09_JDBC_EL_JSTL.jsp HTTP/1.1" 200 3954
127.0.0.1 - - [24/May/2023:20:08:35 +0900] "GET / HTTP/1.1" 404 807
0:0:0:0:0:0:0:1 - - [24/May/2023:20:08:36 +0900] "GET /WebJSP_EL_JSTL/Ex09_JDBC_EL_JSTL.jsp HTTP/1.1" 200 951
0:0:0:0:0:0:0:1 - - [24/May/2023:20:09:00 +0900] "GET /WebJSP_EL_JSTL/Ex09_JDBC_EL_JSTL.jsp HTTP/1.1" 200 951
0:0:0:0:0:0:0:1 - - [24/May/2023:20:09:11 +0900] "GET /WebJSP_EL_JSTL/Ex09_JDBC_EL_JSTL.jsp HTTP/1.1" 200 3954
